
> nomoneydaddy-homepage@1.0.0 build
> next build

 ⚠ You are using a non-standard "NODE_ENV" value in your environment. This creates inconsistencies in the project and is strongly advised against. Read more: https://nextjs.org/docs/messages/non-standard-node-env
   Creating an optimized production build ...
 ✓ Compiled successfully
   Linting and checking validity of types ...
 ⨯ ESLint: Invalid Options: - Unknown options: useEslintrc, extensions - 'extensions' has been removed.
   Collecting page data ...
   Generating static pages (0/4) ...
Error: <Html> should not be imported outside of pages/_document.
Read more: https://nextjs.org/docs/messages/no-document-import-in-page
    at ei (/home/user/NoMoneyDaddy-Homepage/node_modules/next/dist/compiled/next-server/pages.runtime.prod.js:38:4358)
    at Html (/home/user/NoMoneyDaddy-Homepage/.next/server/chunks/676.js:6:1327)
    at renderWithHooks (/home/user/NoMoneyDaddy-Homepage/node_modules/react-dom/cjs/react-dom-server.browser.development.js:5658:16)
    at renderIndeterminateComponent (/home/user/NoMoneyDaddy-Homepage/node_modules/react-dom/cjs/react-dom-server.browser.development.js:5731:15)
    at renderElement (/home/user/NoMoneyDaddy-Homepage/node_modules/react-dom/cjs/react-dom-server.browser.development.js:5946:7)
    at renderNodeDestructiveImpl (/home/user/NoMoneyDaddy-Homepage/node_modules/react-dom/cjs/react-dom-server.browser.development.js:6104:11)
    at renderNodeDestructive (/home/user/NoMoneyDaddy-Homepage/node_modules/react-dom/cjs/react-dom-server.browser.development.js:6076:14)
    at finishClassComponent (/home/user/NoMoneyDaddy-Homepage/node_modules/react-dom/cjs/react-dom-server.browser.development.js:5688:3)
    at renderClassComponent (/home/user/NoMoneyDaddy-Homepage/node_modules/react-dom/cjs/react-dom-server.browser.development.js:5696:3)
    at renderElement (/home/user/NoMoneyDaddy-Homepage/node_modules/react-dom/cjs/react-dom-server.browser.development.js:5943:7)

Error occurred prerendering page "/500". Read more: https://nextjs.org/docs/messages/prerender-error
Error: <Html> should not be imported outside of pages/_document.
Read more: https://nextjs.org/docs/messages/no-document-import-in-page
    at ei (/home/user/NoMoneyDaddy-Homepage/node_modules/next/dist/compiled/next-server/pages.runtime.prod.js:38:4358)
    at Html (/home/user/NoMoneyDaddy-Homepage/.next/server/chunks/676.js:6:1327)
    at renderWithHooks (/home/user/NoMoneyDaddy-Homepage/node_modules/react-dom/cjs/react-dom-server.browser.development.js:5658:16)
    at renderIndeterminateComponent (/home/user/NoMoneyDaddy-Homepage/node_modules/react-dom/cjs/react-dom-server.browser.development.js:5731:15)
    at renderElement (/home/user/NoMoneyDaddy-Homepage/node_modules/react-dom/cjs/react-dom-server.browser.development.js:5946:7)
    at renderNodeDestructiveImpl (/home/user/NoMoneyDaddy-Homepage/node_modules/react-dom/cjs/react-dom-server.browser.development.js:6104:11)
    at renderNodeDestructive (/home/user/NoMoneyDaddy-Homepage/node_modules/react-dom/cjs/react-dom-server.browser.development.js:6076:14)
    at finishClassComponent (/home/user/NoMoneyDaddy-Homepage/node_modules/react-dom/cjs/react-dom-server.browser.development.js:5688:3)
    at renderClassComponent (/home/user/NoMoneyDaddy-Homepage/node_modules/react-dom/cjs/react-dom-server.browser.development.js:5696:3)
    at renderElement (/home/user/NoMoneyDaddy-Homepage/node_modules/react-dom/cjs/react-dom-server.browser.development.js:5943:7)
   Generating static pages (1/4) 
   Generating static pages (2/4) 
Error: <Html> should not be imported outside of pages/_document.
Read more: https://nextjs.org/docs/messages/no-document-import-in-page
    at ei (/home/user/NoMoneyDaddy-Homepage/node_modules/next/dist/compiled/next-server/pages.runtime.prod.js:38:4358)
    at Html (/home/user/NoMoneyDaddy-Homepage/.next/server/chunks/676.js:6:1327)
    at renderWithHooks (/home/user/NoMoneyDaddy-Homepage/node_modules/react-dom/cjs/react-dom-server.browser.development.js:5658:16)
    at renderIndeterminateComponent (/home/user/NoMoneyDaddy-Homepage/node_modules/react-dom/cjs/react-dom-server.browser.development.js:5731:15)
    at renderElement (/home/user/NoMoneyDaddy-Homepage/node_modules/react-dom/cjs/react-dom-server.browser.development.js:5946:7)
    at renderNodeDestructiveImpl (/home/user/NoMoneyDaddy-Homepage/node_modules/react-dom/cjs/react-dom-server.browser.development.js:6104:11)
    at renderNodeDestructive (/home/user/NoMoneyDaddy-Homepage/node_modules/react-dom/cjs/react-dom-server.browser.development.js:6076:14)
    at finishClassComponent (/home/user/NoMoneyDaddy-Homepage/node_modules/react-dom/cjs/react-dom-server.browser.development.js:5688:3)
    at renderClassComponent (/home/user/NoMoneyDaddy-Homepage/node_modules/react-dom/cjs/react-dom-server.browser.development.js:5696:3)
    at renderElement (/home/user/NoMoneyDaddy-Homepage/node_modules/react-dom/cjs/react-dom-server.browser.development.js:5943:7)

Error occurred prerendering page "/404". Read more: https://nextjs.org/docs/messages/prerender-error
Error: <Html> should not be imported outside of pages/_document.
Read more: https://nextjs.org/docs/messages/no-document-import-in-page
    at ei (/home/user/NoMoneyDaddy-Homepage/node_modules/next/dist/compiled/next-server/pages.runtime.prod.js:38:4358)
    at Html (/home/user/NoMoneyDaddy-Homepage/.next/server/chunks/676.js:6:1327)
    at renderWithHooks (/home/user/NoMoneyDaddy-Homepage/node_modules/react-dom/cjs/react-dom-server.browser.development.js:5658:16)
    at renderIndeterminateComponent (/home/user/NoMoneyDaddy-Homepage/node_modules/react-dom/cjs/react-dom-server.browser.development.js:5731:15)
    at renderElement (/home/user/NoMoneyDaddy-Homepage/node_modules/react-dom/cjs/react-dom-server.browser.development.js:5946:7)
    at renderNodeDestructiveImpl (/home/user/NoMoneyDaddy-Homepage/node_modules/react-dom/cjs/react-dom-server.browser.development.js:6104:11)
    at renderNodeDestructive (/home/user/NoMoneyDaddy-Homepage/node_modules/react-dom/cjs/react-dom-server.browser.development.js:6076:14)
    at finishClassComponent (/home/user/NoMoneyDaddy-Homepage/node_modules/react-dom/cjs/react-dom-server.browser.development.js:5688:3)
    at renderClassComponent (/home/user/NoMoneyDaddy-Homepage/node_modules/react-dom/cjs/react-dom-server.browser.development.js:5696:3)
    at renderElement (/home/user/NoMoneyDaddy-Homepage/node_modules/react-dom/cjs/react-dom-server.browser.development.js:5943:7)
   Generating static pages (3/4) 

 ⚠ metadata.metadataBase is not set for resolving social open graph or twitter images, using "http://localhost:3000". See https://nextjs.org/docs/app/api-reference/functions/generate-metadata#metadatabase
 ⨯ TypeError: Cannot read properties of null (reading 'useContext')
    at usePathname (/home/user/NoMoneyDaddy-Homepage/.next/server/chunks/472.js:1:21803)
    at ErrorBoundary (/home/user/NoMoneyDaddy-Homepage/.next/server/chunks/472.js:1:12224)
TypeError: Cannot read properties of null (reading 'useContext')
    at t.useContext (/home/user/NoMoneyDaddy-Homepage/node_modules/next/dist/compiled/next-server/app-page.runtime.prod.js:59:6849)
    at usePathname (/home/user/NoMoneyDaddy-Homepage/.next/server/chunks/472.js:1:21803)
    at ErrorBoundary (/home/user/NoMoneyDaddy-Homepage/.next/server/chunks/472.js:1:12224)
    at oX (/home/user/NoMoneyDaddy-Homepage/node_modules/next/dist/compiled/next-server/app-page.runtime.dev.js:11:72647)
    at /home/user/NoMoneyDaddy-Homepage/node_modules/next/dist/compiled/next-server/app-page.runtime.dev.js:11:77426
    at ae (/home/user/NoMoneyDaddy-Homepage/node_modules/next/dist/compiled/next-server/app-page.runtime.dev.js:11:79180)
    at e (/home/user/NoMoneyDaddy-Homepage/node_modules/next/dist/compiled/next-server/app-page.runtime.dev.js:11:111506)
    at ar (/home/user/NoMoneyDaddy-Homepage/node_modules/next/dist/compiled/next-server/app-page.runtime.dev.js:11:113484)
    at o5 (/home/user/NoMoneyDaddy-Homepage/node_modules/next/dist/compiled/next-server/app-page.runtime.dev.js:11:74065)
    at /home/user/NoMoneyDaddy-Homepage/node_modules/next/dist/compiled/next-server/app-page.runtime.dev.js:11:79156

Error occurred prerendering page "/_not-found". Read more: https://nextjs.org/docs/messages/prerender-error
TypeError: Cannot read properties of null (reading 'useContext')
    at t.useContext (/home/user/NoMoneyDaddy-Homepage/node_modules/next/dist/compiled/next-server/app-page.runtime.prod.js:59:6849)
    at usePathname (/home/user/NoMoneyDaddy-Homepage/.next/server/chunks/472.js:1:21803)
    at ErrorBoundary (/home/user/NoMoneyDaddy-Homepage/.next/server/chunks/472.js:1:12224)
    at oX (/home/user/NoMoneyDaddy-Homepage/node_modules/next/dist/compiled/next-server/app-page.runtime.dev.js:11:72647)
    at /home/user/NoMoneyDaddy-Homepage/node_modules/next/dist/compiled/next-server/app-page.runtime.dev.js:11:77426
    at ae (/home/user/NoMoneyDaddy-Homepage/node_modules/next/dist/compiled/next-server/app-page.runtime.dev.js:11:79180)
    at e (/home/user/NoMoneyDaddy-Homepage/node_modules/next/dist/compiled/next-server/app-page.runtime.dev.js:11:111506)
    at ar (/home/user/NoMoneyDaddy-Homepage/node_modules/next/dist/compiled/next-server/app-page.runtime.dev.js:11:113484)
    at o5 (/home/user/NoMoneyDaddy-Homepage/node_modules/next/dist/compiled/next-server/app-page.runtime.dev.js:11:74065)
    at /home/user/NoMoneyDaddy-Homepage/node_modules/next/dist/compiled/next-server/app-page.runtime.dev.js:11:79156
 ✓ Generating static pages (4/4) 

> Export encountered errors on following paths:
	/_error: /404
	/_error: /500
	/_not-found
